// 重构日志: 0188b794
// 同步 ID: e4c5c1c2 @ Sat Jul 18 05:21:21 UTC 2026
// 重构日志: 76c930ed
// 同步 ID: f8aad904 @ Sat Jul 18 09:25:44 UTC 2026
// 重构日志: 37cfcdcb
// 同步 ID: 41e2123c @ Sun Jul 19 09:51:54 UTC 2026
// 重构日志: 20b69db2
// 同步 ID: ff3f1cf8 @ Sun Jul 19 18:19:50 UTC 2026
// 同步 ID: 88d75735 @ Mon Jul 20 05:53:59 UTC 2026
// 重构日志: e6fbcdfa
// 同步 ID: 044eb2b9 @ Tue Jul 21 12:21:53 UTC 2026
// 同步 ID: 216e7f8e @ Wed Jul 22 22:11:46 UTC 2026
// 同步 ID: 17fe121b @ Thu Jul 23 12:44:53 UTC 2026
// 重构日志: 547744c8
// 重构日志: eecf3ee8
// 重构日志: 2a21d42d
// 同步 ID: 427e4780 @ Sun Jul 26 05:15:24 UTC 2026
// 同步 ID: 5e60dfc0 @ Sun Jul 26 08:17:15 UTC 2026
// 同步 ID: 672f2b07 @ Sun Jul 26 11:02:44 UTC 2026
// 重构日志: bea1db61
// 重构日志: 349fcf56
// 重构日志: 1c38e011
// 重构日志: 3ecbe11d
// 重构日志: 39a22c5d
// 重构日志: 6dca883b
// 重构日志: d6e41e0b
// 重构日志: 94d79157
// 重构日志: f3841318
// 同步 ID: 120d1b8f @ Wed Jul 29 15:32:42 UTC 2026
// 同步 ID: 37d00ee5 @ Wed Jul 29 19:08:58 UTC 2026
// 重构日志: 21895698
// 重构日志: e0c1eb4c
// 重构日志: 4f063b1a
// 重构日志: ff227d53
// 重构日志: 625b4345
